[sridhar-and-teams.web.app/index.html]
[unicons.iconscout.com/release/v4.0.0/css/line.css]
[unpkg.com/boxicons@2.1.1/css/boxicons.min.css]
[cdnjs.cloudflare.com/ajax/libs/font-awesome/6.2.0/css/all.min.css]
[sridhar-and-teams.web.app/assets/css/swiper-bundle.min.css]
[backblue.gif]
[fade.gif]
[index.html]
[sridhar-and-teams.web.app/assets/css/style.css]
[sridhar-and-teams.web.app/assets/img/favicon.png]
[sridhar-and-teams.web.app/assets/img/dribble.png]
[sridhar-and-teams.web.app/assets/img/telegram.png]
[sridhar-and-teams.web.app/assets/img/instagram.png]
[sridhar-and-teams.web.app/assets/img/Picsart_22-10-13_16-35-08-599.jpg]
[sridhar-and-teams.web.app/assets/img/jerric.jpg]
[sridhar-and-teams.web.app/assets/jerric/index.html]
[sridhar-and-teams.web.app/assets/img/work-2.webp]
[sridhar-and-teams.web.app/esridhar.000webhostapp.com]
[sridhar-and-teams.web.app/assets/img/work-3.webp]
[sridhar-and-teams.web.app/assets/img/work-4.webp]
[sridhar-and-teams.web.app/assets/img/work-5.webp]
[sridhar-and-teams.web.app/assets/img/prem.jpg]
[sridhar-and-teams.web.app/assets/prem/index.html]
[sridhar-and-teams.web.app/assets/img/thesai.png]
[sridhar-and-teams.web.app/assets/js/mixitup.min.js]
[sridhar-and-teams.web.app/assets/img/rishu.png]
[sridhar-and-teams.web.app/assets/img/jerric.png]
[sridhar-and-teams.web.app/assets/js/swiper-bundle.min.js]
[sridhar-and-teams.web.app/assets/js/main.js]
[sridhar-and-teams.web.app/index.html]
[unicons.iconscout.com/release/v4.0.0/css/line.css]
[unpkg.com/boxicons@2.1.1/css/boxicons.min.css]
[cdnjs.cloudflare.com/ajax/libs/font-awesome/6.2.0/css/all.min.css]
[sridhar-and-teams.web.app/assets/css/swiper-bundle.min.css]
[sridhar-and-teams.web.app/assets/img/back.png]
[sridhar-and-teams.web.app/assets/css/style.css]
[sridhar-and-teams.web.app/assets/img/pexels-olya-kobruseva-7121496.jpg]
[sridhar-and-teams.web.app/assets/jerric/assets/img/glasses.png]
[sridhar-and-teams.web.app/assets/jerric/assets/css/style.css]
[sridhar-and-teams.web.app/assets/jerric/assets/img/2.jpg]
[sridhar-and-teams.web.app/assets/jerric/assets/img/chameleon.png]
[sridhar-and-teams.web.app/assets/jerric/assets/img/night.png]
[sridhar-and-teams.web.app/assets/jerric/assets/img/landscape.png]
[sridhar-and-teams.web.app/assets/jerric/assets/img/family.png]
[sridhar-and-teams.web.app/assets/jerric/assets/img/5.webp]
[sridhar-and-teams.web.app/assets/jerric/assets/img/7.webp]
[sridhar-and-teams.web.app/assets/jerric/assets/img/1.jpg]
[sridhar-and-teams.web.app/assets/jerric/assets/img/3.jpg]
[sridhar-and-teams.web.app/assets/jerric/assets/img/4.webp]
[sridhar-and-teams.web.app/assets/jerric/assets/img/top.webp]
[sridhar-and-teams.web.app/assets/jerric/assets/img/about.webp]
[sridhar-and-teams.web.app/assets/jerric/assets/img/work.webp]
[sridhar-and-teams.web.app/assets/jerric/typewriting-master/typewriting.js]
[sridhar-and-teams.web.app/assets/jerric/index.html]
[sridhar-and-teams.web.app/esridhar.000webhostapp.html]
[sridhar-and-teams.web.app/assets/prem/assets/img/glasses.png]
[sridhar-and-teams.web.app/assets/prem/style.css]
[unpkg.com/boxicons@2.1.4/css/boxicons.min.css]
[sridhar-and-teams.web.app/assets/prem/img/IMG_20220126_165306_026.jpg]
[sridhar-and-teams.web.app/assets/prem/img/8.webp]
[sridhar-and-teams.web.app/assets/prem/img/1.webp]
[sridhar-and-teams.web.app/assets/prem/img/3.webp]
[sridhar-and-teams.web.app/assets/prem/img/7.webp]
[sridhar-and-teams.web.app/assets/prem/img/5.webp]
[sridhar-and-teams.web.app/assets/prem/img/6.webp]
[sridhar-and-teams.web.app/assets/prem/img/2.webp]
[sridhar-and-teams.web.app/assets/prem/img/IMG_20220926_221117_018.jpg]
[sridhar-and-teams.web.app/assets/prem/typewriting-master/typewriting.js]
[sridhar-and-teams.web.app/assets/prem/index.html]
[sridhar-and-teams.web.app/assets/jerric/assets/img/6.webp]
[sridhar-and-teams.web.app/assets/jerric/assets/css/style.css]
[sridhar-and-teams.web.app/assets/jerric/assets/img/chameleon.html]
[sridhar-and-teams.web.app/assets/jerric/assets/img/night.html]
[sridhar-and-teams.web.app/assets/jerric/assets/img/landscape.html]
[sridhar-and-teams.web.app/assets/jerric/assets/img/family.html]
[sridhar-and-teams.web.app/assets/prem/assets/img/glasses.html]
[sridhar-and-teams.web.app/assets/img/6.webp]
[sridhar-and-teams.web.app/assets/public/img/instagram.jpg]
[sridhar-and-teams.web.app/assets/prem/style.css]
[unpkg.com/boxicons@2.1.4/css/boxicons.min.css]
[sridhar-and-teams.web.app/assets/jerric/assets/img/instagram.jpg]
[sridhar-and-teams.web.app/assets/prem/top.mp4]
[sridhar-and-teams.web.app/assets/prem/typewriting-master/typewriting.html]
[sridhar-and-teams.web.app/assets/img/6.html]
[sridhar-and-teams.web.app/assets/public/img/instagram.html]
